%s:32 PhanTypeMismatchArgument Argument 1 (x) is int but \ClassUsingTrait290::foO() takes string defined at %s:14
%s:34 PhanUndeclaredMethod Call to undeclared method \ClassUsingTrait290::foo3
%s:36 PhanTypeMismatchArgument Argument 1 (x) is string but \ClassUsingTrait290::foo2() takes int defined at %s:5
%s:37 PhanTypeMismatchArgument Argument 1 (x) is float but \ClassUsingTrait290::bAr() takes array defined at %s:17
